EEEF.......EEEEEEFalling back to heuristic right hemisphere adapter because the optional HuggingFace stack is unavailable: missing optional model stack
Falling back to in-memory knowledge graph store because the optional stack is unavailable: No module named 'networkx'
EFalling back to in-memory knowledge graph store because the optional stack is unavailable: No module named 'networkx'
EFalling back to in-memory knowledge graph store because the optional stack is unavailable: No module named 'networkx'
EEFalling back to in-memory knowledge graph store because the optional stack is unavailable: No module named 'networkx'
E.E.Normalizing unsupported model alias gpt-5.4-mini -> gpt-4o-mini
E.Left hemisphere provider UnusableProvider#1 returned unusable result, failing over: timeout
Left hemisphere provider UnusableProvider#2 returned unusable result, failing over: timeout
.Left hemisphere provider UnusableProvider#1 returned unusable result, failing over: timeout
.E........E...E.HuggingFace stack unavailable: No module named 'transformers'
.EEE.........E.Failed to export OTLP trace to http://collector:4318/v1/traces: collector down
................
======================================================================
ERROR: tests.test_active_inference (unittest.loader._FailedTest.tests.test_active_inference)
----------------------------------------------------------------------
ImportError: Failed to import test module: tests.test_active_inference
Traceback (most recent call last):
  File "/opt/homebrew/Cellar/python@3.13/3.13.5/Frameworks/Python.framework/Versions/3.13/lib/python3.13/unittest/loader.py", line 396, in _find_test_path
    module = self._get_module_from_name(name)
  File "/opt/homebrew/Cellar/python@3.13/3.13.5/Frameworks/Python.framework/Versions/3.13/lib/python3.13/unittest/loader.py", line 339, in _get_module_from_name
    __import__(name)
    ~~~~~~~~~~^^^^^^
  File "/Users/kaique/calosum/tests/test_active_inference.py", line 8, in <module>
    import numpy as np
ModuleNotFoundError: No module named 'numpy'


======================================================================
ERROR: tests.test_api (unittest.loader._FailedTest.tests.test_api)
----------------------------------------------------------------------
ImportError: Failed to import test module: tests.test_api
Traceback (most recent call last):
  File "/opt/homebrew/Cellar/python@3.13/3.13.5/Frameworks/Python.framework/Versions/3.13/lib/python3.13/unittest/loader.py", line 396, in _find_test_path
    module = self._get_module_from_name(name)
  File "/opt/homebrew/Cellar/python@3.13/3.13.5/Frameworks/Python.framework/Versions/3.13/lib/python3.13/unittest/loader.py", line 339, in _get_module_from_name
    __import__(name)
    ~~~~~~~~~~^^^^^^
  File "/Users/kaique/calosum/tests/test_api.py", line 12, in <module>
    from calosum.bootstrap import api as api_module
  File "/Users/kaique/calosum/src/calosum/bootstrap/api.py", line 87, in <module>
    from calosum.bootstrap.routers import system, chat, telemetry
  File "/Users/kaique/calosum/src/calosum/bootstrap/routers/system.py", line 2, in <module>
    from fastapi import APIRouter, Request, JSONResponse
ImportError: cannot import name 'JSONResponse' from 'fastapi' (/opt/homebrew/lib/python3.13/site-packages/fastapi/__init__.py)


======================================================================
ERROR: test_async_pipeline_retries_after_runtime_rejection (tests.test_async_retry_and_persistence.AsyncRetryAndPersistenceTests.test_async_pipeline_retries_after_runtime_rejection)
----------------------------------------------------------------------
Traceback (most recent call last):
  File "/opt/homebrew/Cellar/python@3.13/3.13.5/Frameworks/Python.framework/Versions/3.13/lib/python3.13/asyncio/runners.py", line 118, in run
    return self._loop.run_until_complete(task)
           ~~~~~~~~~~~~~~~~~~~~~~~~~~~~~^^^^^^
  File "/opt/homebrew/Cellar/python@3.13/3.13.5/Frameworks/Python.framework/Versions/3.13/lib/python3.13/asyncio/base_events.py", line 725, in run_until_complete
    return future.result()
           ~~~~~~~~~~~~~^^
  File "/Users/kaique/calosum/tests/test_async_retry_and_persistence.py", line 154, in test_async_pipeline_retries_after_runtime_rejection
    result = await agent.aprocess_turn(
             ^^^^^^^^^^^^^^^^^^^^^^^^^^
        UserTurn(session_id="async-session", user_text="Preciso de ajuda urgente.")
        ^^^^^^^^^^^^^^^^^^^^^^^^^^^^^^^^^^^^^^^^^^^^^^^^^^^^^^^^^^^^^^^^^^^^^^^^^^^
    )
    ^
  File "/Users/kaique/calosum/src/calosum/domain/orchestrator.py", line 188, in aprocess_turn
    await self._awareness_loop(user_turn.session_id)
  File "/Users/kaique/calosum/src/calosum/domain/orchestrator.py", line 325, in _awareness_loop
    self.evolution_manager.archive.record_directive(directive, event="auto_applied")
    ^^^^^^^^^^^^^^^^^^^^^^^^^^^^^^^^^^^^^^^^^^^^^^^
AttributeError: 'NoneType' object has no attribute 'record_directive'

======================================================================
ERROR: test_right_hemisphere_parameter_directive_is_clamped_and_audited (tests.test_awareness.AwarenessTests.test_right_hemisphere_parameter_directive_is_clamped_and_audited)
----------------------------------------------------------------------
Traceback (most recent call last):
  File "/Users/kaique/calosum/tests/test_awareness.py", line 192, in test_right_hemisphere_parameter_directive_is_clamped_and_audited
    agent._apply_directive(directive)
    ^^^^^^^^^^^^^^^^^^^^^^
AttributeError: 'CalosumAgent' object has no attribute '_apply_directive'

======================================================================
ERROR: test_run_scenario_outputs_json_with_dashboard_and_sleep_mode (tests.test_cli.CliIntegrationTests.test_run_scenario_outputs_json_with_dashboard_and_sleep_mode)
----------------------------------------------------------------------
Traceback (most recent call last):
  File "/Users/kaique/calosum/tests/test_cli.py", line 58, in test_run_scenario_outputs_json_with_dashboard_and_sleep_mode
    completed = subprocess.run(
        [
    ...<14 lines>...
        text=True,
    )
  File "/opt/homebrew/Cellar/python@3.13/3.13.5/Frameworks/Python.framework/Versions/3.13/lib/python3.13/subprocess.py", line 577, in run
    raise CalledProcessError(retcode, process.args,
                             output=stdout, stderr=stderr)
subprocess.CalledProcessError: Command '['/opt/homebrew/opt/python@3.13/bin/python3.13', '-m', 'calosum.bootstrap.cli', 'run-scenario', '/var/folders/06/93br94lx41ld2w0pqwj71s_h0000gn/T/tmpxid900mf/scenario.json', '--memory-dir', '/var/folders/06/93br94lx41ld2w0pqwj71s_h0000gn/T/tmpxid900mf/memory', '--otlp-jsonl', '/var/folders/06/93br94lx41ld2w0pqwj71s_h0000gn/T/tmpxid900mf/telemetry.jsonl']' returned non-zero exit status 1.

======================================================================
ERROR: test_builder_derives_embedding_backend_from_openai_settings_for_qdrant (tests.test_factory.InfrastructureBuilderTests.test_builder_derives_embedding_backend_from_openai_settings_for_qdrant)
----------------------------------------------------------------------
Traceback (most recent call last):
  File "/Users/kaique/calosum/tests/test_factory.py", line 101, in test_builder_derives_embedding_backend_from_openai_settings_for_qdrant
    description = builder.describe()
  File "/Users/kaique/calosum/src/calosum/bootstrap/factory.py", line 282, in describe
    return CalosumSystemIntrospector.describe(self, agent)
           ~~~~~~~~~~~~~~~~~~~~~~~~~~~~~~~~~~^^^^^^^^^^^^^
  File "/Users/kaique/calosum/src/calosum/domain/introspection_capabilities.py", line 71, in describe
    snapshot = agent.capability_snapshot if agent and hasattr(agent, "capability_snapshot") else CalosumSystemIntrospector.build_capability_snapshot(factory, action_runtime)
                                                                                                 ~~~~~~~~~~~~~~~~~~~~~~~~~~~~~~~~~~~~~~~~~~~~~~~~~~~^^^^^^^^^^^^^^^^^^^^^^^^^
  File "/Users/kaique/calosum/src/calosum/domain/introspection_capabilities.py", line 24, in build_capability_snapshot
    right_health = factory._right_hemisphere_health()
  File "/Users/kaique/calosum/src/calosum/bootstrap/factory.py", line 300, in _right_hemisphere_health
    return ComponentHealth.DEGRADED if self._last_right_hemisphere_backend == "active_inference_heuristic_fallback" else ComponentHealth.HEALTHY
                                                                                                                         ^^^^^^^^^^^^^^^
NameError: name 'ComponentHealth' is not defined

======================================================================
ERROR: test_builder_describes_failover_backend_when_fallback_endpoint_is_configured (tests.test_factory.InfrastructureBuilderTests.test_builder_describes_failover_backend_when_fallback_endpoint_is_configured)
----------------------------------------------------------------------
Traceback (most recent call last):
  File "/Users/kaique/calosum/tests/test_factory.py", line 115, in test_builder_describes_failover_backend_when_fallback_endpoint_is_configured
    description = builder.describe()
  File "/Users/kaique/calosum/src/calosum/bootstrap/factory.py", line 282, in describe
    return CalosumSystemIntrospector.describe(self, agent)
           ~~~~~~~~~~~~~~~~~~~~~~~~~~~~~~~~~~^^^^^^^^^^^^^
  File "/Users/kaique/calosum/src/calosum/domain/introspection_capabilities.py", line 71, in describe
    snapshot = agent.capability_snapshot if agent and hasattr(agent, "capability_snapshot") else CalosumSystemIntrospector.build_capability_snapshot(factory, action_runtime)
                                                                                                 ~~~~~~~~~~~~~~~~~~~~~~~~~~~~~~~~~~~~~~~~~~~~~~~~~~~^^^^^^^^^^^^^^^^^^^^^^^^^
  File "/Users/kaique/calosum/src/calosum/domain/introspection_capabilities.py", line 24, in build_capability_snapshot
    right_health = factory._right_hemisphere_health()
  File "/Users/kaique/calosum/src/calosum/bootstrap/factory.py", line 300, in _right_hemisphere_health
    return ComponentHealth.DEGRADED if self._last_right_hemisphere_backend == "active_inference_heuristic_fallback" else ComponentHealth.HEALTHY
                                                                                                                         ^^^^^^^^^^^^^^^
NameError: name 'ComponentHealth' is not defined

======================================================================
ERROR: test_builder_describes_openai_responses_backend_when_openai_base_url_is_configured (tests.test_factory.InfrastructureBuilderTests.test_builder_describes_openai_responses_backend_when_openai_base_url_is_configured)
----------------------------------------------------------------------
Traceback (most recent call last):
  File "/Users/kaique/calosum/tests/test_factory.py", line 89, in test_builder_describes_openai_responses_backend_when_openai_base_url_is_configured
    description = builder.describe()
  File "/Users/kaique/calosum/src/calosum/bootstrap/factory.py", line 282, in describe
    return CalosumSystemIntrospector.describe(self, agent)
           ~~~~~~~~~~~~~~~~~~~~~~~~~~~~~~~~~~^^^^^^^^^^^^^
  File "/Users/kaique/calosum/src/calosum/domain/introspection_capabilities.py", line 71, in describe
    snapshot = agent.capability_snapshot if agent and hasattr(agent, "capability_snapshot") else CalosumSystemIntrospector.build_capability_snapshot(factory, action_runtime)
                                                                                                 ~~~~~~~~~~~~~~~~~~~~~~~~~~~~~~~~~~~~~~~~~~~~~~~~~~~^^^^^^^^^^^^^^^^^^^^^^^^^
  File "/Users/kaique/calosum/src/calosum/domain/introspection_capabilities.py", line 24, in build_capability_snapshot
    right_health = factory._right_hemisphere_health()
  File "/Users/kaique/calosum/src/calosum/bootstrap/factory.py", line 300, in _right_hemisphere_health
    return ComponentHealth.DEGRADED if self._last_right_hemisphere_backend == "active_inference_heuristic_fallback" else ComponentHealth.HEALTHY
                                                                                                                         ^^^^^^^^^^^^^^^
NameError: name 'ComponentHealth' is not defined

======================================================================
ERROR: test_builder_extracts_capability_snapshot (tests.test_factory.InfrastructureBuilderTests.test_builder_extracts_capability_snapshot)
----------------------------------------------------------------------
Traceback (most recent call last):
  File "/Users/kaique/calosum/tests/test_factory.py", line 127, in test_builder_extracts_capability_snapshot
    snapshot = builder.build_capability_snapshot()
  File "/Users/kaique/calosum/src/calosum/bootstrap/factory.py", line 264, in build_capability_snapshot
    return CalosumSystemIntrospector.build_capability_snapshot(self, action_runtime)
           ~~~~~~~~~~~~~~~~~~~~~~~~~~~~~~~~~~~~~~~~~~~~~~~~~~~^^^^^^^^^^^^^^^^^^^^^^
  File "/Users/kaique/calosum/src/calosum/domain/introspection_capabilities.py", line 24, in build_capability_snapshot
    right_health = factory._right_hemisphere_health()
  File "/Users/kaique/calosum/src/calosum/bootstrap/factory.py", line 300, in _right_hemisphere_health
    return ComponentHealth.DEGRADED if self._last_right_hemisphere_backend == "active_inference_heuristic_fallback" else ComponentHealth.HEALTHY
                                                                                                                         ^^^^^^^^^^^^^^^
NameError: name 'ComponentHealth' is not defined

======================================================================
ERROR: test_builder_falls_back_when_hf_right_hemisphere_is_unavailable (tests.test_factory.InfrastructureBuilderTests.test_builder_falls_back_when_hf_right_hemisphere_is_unavailable)
----------------------------------------------------------------------
Traceback (most recent call last):
  File "/Users/kaique/calosum/tests/test_factory.py", line 57, in test_builder_falls_back_when_hf_right_hemisphere_is_unavailable
    agent = builder.build()
  File "/Users/kaique/calosum/src/calosum/bootstrap/factory.py", line 60, in build
    capability_snapshot = self.build_capability_snapshot(action_runtime)
  File "/Users/kaique/calosum/src/calosum/bootstrap/factory.py", line 264, in build_capability_snapshot
    return CalosumSystemIntrospector.build_capability_snapshot(self, action_runtime)
           ~~~~~~~~~~~~~~~~~~~~~~~~~~~~~~~~~~~~~~~~~~~~~~~~~~~^^^^^^^^^^^^^^^^^^^^^^
  File "/Users/kaique/calosum/src/calosum/domain/introspection_capabilities.py", line 24, in build_capability_snapshot
    right_health = factory._right_hemisphere_health()
  File "/Users/kaique/calosum/src/calosum/bootstrap/factory.py", line 300, in _right_hemisphere_health
    return ComponentHealth.DEGRADED if self._last_right_hemisphere_backend == "active_inference_heuristic_fallback" else ComponentHealth.HEALTHY
           ^^^^^^^^^^^^^^^
NameError: name 'ComponentHealth' is not defined

======================================================================
ERROR: test_builder_honors_jepa_routing_policy_for_perception (tests.test_factory.InfrastructureBuilderTests.test_builder_honors_jepa_routing_policy_for_perception)
----------------------------------------------------------------------
Traceback (most recent call last):
  File "/Users/kaique/calosum/tests/test_factory.py", line 167, in test_builder_honors_jepa_routing_policy_for_perception
    agent = builder.build()
  File "/Users/kaique/calosum/src/calosum/bootstrap/factory.py", line 60, in build
    capability_snapshot = self.build_capability_snapshot(action_runtime)
  File "/Users/kaique/calosum/src/calosum/bootstrap/factory.py", line 264, in build_capability_snapshot
    return CalosumSystemIntrospector.build_capability_snapshot(self, action_runtime)
           ~~~~~~~~~~~~~~~~~~~~~~~~~~~~~~~~~~~~~~~~~~~~~~~~~~~^^^^^^^^^^^^^^^^^^^^^^
  File "/Users/kaique/calosum/src/calosum/domain/introspection_capabilities.py", line 24, in build_capability_snapshot
    right_health = factory._right_hemisphere_health()
  File "/Users/kaique/calosum/src/calosum/bootstrap/factory.py", line 300, in _right_hemisphere_health
    return ComponentHealth.DEGRADED if self._last_right_hemisphere_backend == "active_inference_heuristic_fallback" else ComponentHealth.HEALTHY
                                                                                                                         ^^^^^^^^^^^^^^^
NameError: name 'ComponentHealth' is not defined

======================================================================
ERROR: test_builder_uses_reason_model_for_runtime_and_describes_real_tools (tests.test_factory.InfrastructureBuilderTests.test_builder_uses_reason_model_for_runtime_and_describes_real_tools)
----------------------------------------------------------------------
Traceback (most recent call last):
  File "/Users/kaique/calosum/tests/test_factory.py", line 154, in test_builder_uses_reason_model_for_runtime_and_describes_real_tools
    agent = builder.build()
  File "/Users/kaique/calosum/src/calosum/bootstrap/factory.py", line 60, in build
    capability_snapshot = self.build_capability_snapshot(action_runtime)
  File "/Users/kaique/calosum/src/calosum/bootstrap/factory.py", line 264, in build_capability_snapshot
    return CalosumSystemIntrospector.build_capability_snapshot(self, action_runtime)
           ~~~~~~~~~~~~~~~~~~~~~~~~~~~~~~~~~~~~~~~~~~~~~~~~~~~^^^^^^^^^^^^^^^^^^^^^^
  File "/Users/kaique/calosum/src/calosum/domain/introspection_capabilities.py", line 24, in build_capability_snapshot
    right_health = factory._right_hemisphere_health()
  File "/Users/kaique/calosum/src/calosum/bootstrap/factory.py", line 300, in _right_hemisphere_health
    return ComponentHealth.DEGRADED if self._last_right_hemisphere_backend == "active_inference_heuristic_fallback" else ComponentHealth.HEALTHY
                                                                                                                         ^^^^^^^^^^^^^^^
NameError: name 'ComponentHealth' is not defined

======================================================================
ERROR: test_docker_profile_resolves_infra_defaults (tests.test_factory.InfrastructureBuilderTests.test_docker_profile_resolves_infra_defaults)
----------------------------------------------------------------------
Traceback (most recent call last):
  File "/Users/kaique/calosum/tests/test_factory.py", line 71, in test_docker_profile_resolves_infra_defaults
    description = builder.describe()
  File "/Users/kaique/calosum/src/calosum/bootstrap/factory.py", line 282, in describe
    return CalosumSystemIntrospector.describe(self, agent)
           ~~~~~~~~~~~~~~~~~~~~~~~~~~~~~~~~~~^^^^^^^^^^^^^
  File "/Users/kaique/calosum/src/calosum/domain/introspection_capabilities.py", line 71, in describe
    snapshot = agent.capability_snapshot if agent and hasattr(agent, "capability_snapshot") else CalosumSystemIntrospector.build_capability_snapshot(factory, action_runtime)
                                                                                                 ~~~~~~~~~~~~~~~~~~~~~~~~~~~~~~~~~~~~~~~~~~~~~~~~~~~^^^^^^^^^^^^^^^^^^^^^^^^^
  File "/Users/kaique/calosum/src/calosum/domain/introspection_capabilities.py", line 24, in build_capability_snapshot
    right_health = factory._right_hemisphere_health()
  File "/Users/kaique/calosum/src/calosum/bootstrap/factory.py", line 300, in _right_hemisphere_health
    return ComponentHealth.DEGRADED if self._last_right_hemisphere_backend == "active_inference_heuristic_fallback" else ComponentHealth.HEALTHY
                                                                                                                         ^^^^^^^^^^^^^^^
NameError: name 'ComponentHealth' is not defined

======================================================================
ERROR: test_persistent_profile_builds_persistent_backends (tests.test_factory.InfrastructureBuilderTests.test_persistent_profile_builds_persistent_backends)
----------------------------------------------------------------------
Traceback (most recent call last):
  File "/Users/kaique/calosum/tests/test_factory.py", line 41, in test_persistent_profile_builds_persistent_backends
    agent = builder.build()
  File "/Users/kaique/calosum/src/calosum/bootstrap/factory.py", line 60, in build
    capability_snapshot = self.build_capability_snapshot(action_runtime)
  File "/Users/kaique/calosum/src/calosum/bootstrap/factory.py", line 264, in build_capability_snapshot
    return CalosumSystemIntrospector.build_capability_snapshot(self, action_runtime)
           ~~~~~~~~~~~~~~~~~~~~~~~~~~~~~~~~~~~~~~~~~~~~~~~~~~~^^^^^^^^^^^^^^^^^^^^^^
  File "/Users/kaique/calosum/src/calosum/domain/introspection_capabilities.py", line 24, in build_capability_snapshot
    right_health = factory._right_hemisphere_health()
  File "/Users/kaique/calosum/src/calosum/bootstrap/factory.py", line 300, in _right_hemisphere_health
    return ComponentHealth.DEGRADED if self._last_right_hemisphere_backend == "active_inference_heuristic_fallback" else ComponentHealth.HEALTHY
                                                                                                                         ^^^^^^^^^^^^^^^
NameError: name 'ComponentHealth' is not defined

======================================================================
ERROR: tests.test_knowledge_graph (unittest.loader._FailedTest.tests.test_knowledge_graph)
----------------------------------------------------------------------
ImportError: Failed to import test module: tests.test_knowledge_graph
Traceback (most recent call last):
  File "/opt/homebrew/Cellar/python@3.13/3.13.5/Frameworks/Python.framework/Versions/3.13/lib/python3.13/unittest/loader.py", line 396, in _find_test_path
    module = self._get_module_from_name(name)
  File "/opt/homebrew/Cellar/python@3.13/3.13.5/Frameworks/Python.framework/Versions/3.13/lib/python3.13/unittest/loader.py", line 339, in _get_module_from_name
    __import__(name)
    ~~~~~~~~~~^^^^^^
  File "/Users/kaique/calosum/tests/test_knowledge_graph.py", line 8, in <module>
    from calosum.adapters.knowledge_graph_nanorag import NanoGraphRAGKnowledgeGraphStore
  File "/Users/kaique/calosum/src/calosum/adapters/knowledge_graph_nanorag.py", line 8, in <module>
    import networkx as nx
ModuleNotFoundError: No module named 'networkx'


======================================================================
ERROR: test_openai_base_url_uses_responses_api_and_normalizes_common_model_alias (tests.test_llm_adapter.LlmAdapterTests.test_openai_base_url_uses_responses_api_and_normalizes_common_model_alias)
----------------------------------------------------------------------
Traceback (most recent call last):
  File "/opt/homebrew/Cellar/python@3.13/3.13.5/Frameworks/Python.framework/Versions/3.13/lib/python3.13/asyncio/runners.py", line 118, in run
    return self._loop.run_until_complete(task)
           ~~~~~~~~~~~~~~~~~~~~~~~~~~~~~^^^^^^
  File "/opt/homebrew/Cellar/python@3.13/3.13.5/Frameworks/Python.framework/Versions/3.13/lib/python3.13/asyncio/base_events.py", line 725, in run_until_complete
    return future.result()
           ~~~~~~~~~~~~~^^
  File "/Users/kaique/calosum/tests/test_llm_adapter.py", line 89, in test_openai_base_url_uses_responses_api_and_normalizes_common_model_alias
    self.assertEqual(payload["reasoning"], {"effort": "low"})
                     ~~~~~~~^^^^^^^^^^^^^
KeyError: 'reasoning'

======================================================================
ERROR: tests.test_local_ui_sync (unittest.loader._FailedTest.tests.test_local_ui_sync)
----------------------------------------------------------------------
ImportError: Failed to import test module: tests.test_local_ui_sync
Traceback (most recent call last):
  File "/opt/homebrew/Cellar/python@3.13/3.13.5/Frameworks/Python.framework/Versions/3.13/lib/python3.13/unittest/loader.py", line 396, in _find_test_path
    module = self._get_module_from_name(name)
  File "/opt/homebrew/Cellar/python@3.13/3.13.5/Frameworks/Python.framework/Versions/3.13/lib/python3.13/unittest/loader.py", line 339, in _get_module_from_name
    __import__(name)
    ~~~~~~~~~~^^^^^^
  File "/Users/kaique/calosum/tests/test_local_ui_sync.py", line 9, in <module>
    from calosum.bootstrap.api import resolve_api_settings
  File "/Users/kaique/calosum/src/calosum/bootstrap/api.py", line 87, in <module>
    from calosum.bootstrap.routers import system, chat, telemetry
  File "/Users/kaique/calosum/src/calosum/bootstrap/routers/system.py", line 2, in <module>
    from fastapi import APIRouter, Request, JSONResponse
ImportError: cannot import name 'JSONResponse' from 'fastapi' (/opt/homebrew/lib/python3.13/site-packages/fastapi/__init__.py)


======================================================================
ERROR: tests.test_qdrant_adapter (unittest.loader._FailedTest.tests.test_qdrant_adapter)
----------------------------------------------------------------------
ImportError: Failed to import test module: tests.test_qdrant_adapter
Traceback (most recent call last):
  File "/opt/homebrew/Cellar/python@3.13/3.13.5/Frameworks/Python.framework/Versions/3.13/lib/python3.13/unittest/loader.py", line 396, in _find_test_path
    module = self._get_module_from_name(name)
  File "/opt/homebrew/Cellar/python@3.13/3.13.5/Frameworks/Python.framework/Versions/3.13/lib/python3.13/unittest/loader.py", line 339, in _get_module_from_name
    __import__(name)
    ~~~~~~~~~~^^^^^^
  File "/Users/kaique/calosum/tests/test_qdrant_adapter.py", line 7, in <module>
    from calosum.adapters.memory_qdrant import QdrantAdapterConfig, QdrantDualMemoryAdapter
  File "/Users/kaique/calosum/src/calosum/adapters/memory_qdrant.py", line 8, in <module>
    from qdrant_client import AsyncQdrantClient, QdrantClient
ModuleNotFoundError: No module named 'qdrant_client'


======================================================================
ERROR: test_process_turn_uses_default_personas_when_surprise_triggers_branching (tests.test_reflection.ReflectionTests.test_process_turn_uses_default_personas_when_surprise_triggers_branching)
----------------------------------------------------------------------
Traceback (most recent call last):
  File "/Users/kaique/calosum/src/calosum/shared/async_utils.py", line 17, in run_sync
    asyncio.get_running_loop()
    ~~~~~~~~~~~~~~~~~~~~~~~~^^
RuntimeError: no running event loop

During handling of the above exception, another exception occurred:

Traceback (most recent call last):
  File "/Users/kaique/calosum/tests/test_reflection.py", line 157, in test_process_turn_uses_default_personas_when_surprise_triggers_branching
    result = agent.process_turn(
        UserTurn(
    ...<2 lines>...
        )
    )
  File "/Users/kaique/calosum/src/calosum/domain/orchestrator.py", line 116, in process_turn
    return run_sync(self.aprocess_turn(user_turn))
  File "/Users/kaique/calosum/src/calosum/shared/async_utils.py", line 19, in run_sync
    return asyncio.run(awaitable)
           ~~~~~~~~~~~^^^^^^^^^^^
  File "/opt/homebrew/Cellar/python@3.13/3.13.5/Frameworks/Python.framework/Versions/3.13/lib/python3.13/asyncio/runners.py", line 195, in run
    return runner.run(main)
           ~~~~~~~~~~^^^^^^
  File "/opt/homebrew/Cellar/python@3.13/3.13.5/Frameworks/Python.framework/Versions/3.13/lib/python3.13/asyncio/runners.py", line 118, in run
    return self._loop.run_until_complete(task)
           ~~~~~~~~~~~~~~~~~~~~~~~~~~~~~^^^^^^
  File "/opt/homebrew/Cellar/python@3.13/3.13.5/Frameworks/Python.framework/Versions/3.13/lib/python3.13/asyncio/base_events.py", line 725, in run_until_complete
    return future.result()
           ~~~~~~~~~~~~~^^
  File "/Users/kaique/calosum/src/calosum/domain/orchestrator.py", line 159, in aprocess_turn
    return await self.aprocess_group_turn(user_turn, variants, _precomputed_memory=memory_context, _precomputed_right=right_state, _precomputed_workspace=workspace)
           ^^^^^^^^^^^^^^^^^^^^^^^^^^^^^^^^^^^^^^^^^^^^^^^^^^^^^^^^^^^^^^^^^^^^^^^^^^^^^^^^^^^^^^^^^^^^^^^^^^^^^^^^^^^^^^^^^^^^^^^^^^^^^^^^^^^^^^^^^^^^^^^^^^^^^^^^^
  File "/Users/kaique/calosum/src/calosum/domain/orchestrator.py", line 303, in aprocess_group_turn
    await self._awareness_loop(user_turn.session_id)
  File "/Users/kaique/calosum/src/calosum/domain/orchestrator.py", line 325, in _awareness_loop
    self.evolution_manager.archive.record_directive(directive, event="auto_applied")
    ^^^^^^^^^^^^^^^^^^^^^^^^^^^^^^^^^^^^^^^^^^^^^^^
AttributeError: 'NoneType' object has no attribute 'record_directive'

======================================================================
ERROR: test_perceive_reduces_false_positive_on_neutral_text (tests.test_right_hemisphere_hf.TestHuggingFaceRightHemisphere.test_perceive_reduces_false_positive_on_neutral_text)
----------------------------------------------------------------------
Traceback (most recent call last):
  File "/Users/kaique/calosum/tests/test_right_hemisphere_hf.py", line 82, in test_perceive_reduces_false_positive_on_neutral_text
    state = adapter.perceive(turn)
  File "/Users/kaique/calosum/src/calosum/adapters/right_hemisphere_hf.py", line 111, in perceive
    emotional_labels, emotion_meta = self._extract_emotional_labels(text, latent_vector)
                                     ~~~~~~~~~~~~~~~~~~~~~~~~~~~~~~^^^^^^^^^^^^^^^^^^^^^
  File "/Users/kaique/calosum/src/calosum/adapters/right_hemisphere_hf.py", line 222, in _extract_emotional_labels
    import numpy as np
ModuleNotFoundError: No module named 'numpy'

======================================================================
ERROR: test_perceive_returns_state_with_embeddings (tests.test_right_hemisphere_hf.TestHuggingFaceRightHemisphere.test_perceive_returns_state_with_embeddings)
----------------------------------------------------------------------
Traceback (most recent call last):
  File "/Users/kaique/calosum/tests/test_right_hemisphere_hf.py", line 36, in test_perceive_returns_state_with_embeddings
    state = adapter.perceive(turn)
  File "/Users/kaique/calosum/src/calosum/adapters/right_hemisphere_hf.py", line 111, in perceive
    emotional_labels, emotion_meta = self._extract_emotional_labels(text, latent_vector)
                                     ~~~~~~~~~~~~~~~~~~~~~~~~~~~~~~^^^^^^^^^^^^^^^^^^^^^
  File "/Users/kaique/calosum/src/calosum/adapters/right_hemisphere_hf.py", line 222, in _extract_emotional_labels
    import numpy as np
ModuleNotFoundError: No module named 'numpy'

======================================================================
ERROR: test_salience_is_temporally_calibrated_per_session (tests.test_right_hemisphere_hf.TestHuggingFaceRightHemisphere.test_salience_is_temporally_calibrated_per_session)
----------------------------------------------------------------------
Traceback (most recent call last):
  File "/Users/kaique/calosum/tests/test_right_hemisphere_hf.py", line 120, in test_salience_is_temporally_calibrated_per_session
    high_state = adapter.perceive(UserTurn(session_id=session_id, user_text="Estou urgente!"))
  File "/Users/kaique/calosum/src/calosum/adapters/right_hemisphere_hf.py", line 111, in perceive
    emotional_labels, emotion_meta = self._extract_emotional_labels(text, latent_vector)
                                     ~~~~~~~~~~~~~~~~~~~~~~~~~~~~~~^^^^^^^^^^^^^^^^^^^^^
  File "/Users/kaique/calosum/src/calosum/adapters/right_hemisphere_hf.py", line 222, in _extract_emotional_labels
    import numpy as np
ModuleNotFoundError: No module named 'numpy'

======================================================================
ERROR: tests.test_telegram_channel (unittest.loader._FailedTest.tests.test_telegram_channel)
----------------------------------------------------------------------
ImportError: Failed to import test module: tests.test_telegram_channel
Traceback (most recent call last):
  File "/opt/homebrew/Cellar/python@3.13/3.13.5/Frameworks/Python.framework/Versions/3.13/lib/python3.13/unittest/loader.py", line 396, in _find_test_path
    module = self._get_module_from_name(name)
  File "/opt/homebrew/Cellar/python@3.13/3.13.5/Frameworks/Python.framework/Versions/3.13/lib/python3.13/unittest/loader.py", line 339, in _get_module_from_name
    __import__(name)
    ~~~~~~~~~~^^^^^^
  File "/Users/kaique/calosum/tests/test_telegram_channel.py", line 5, in <module>
    from calosum.adapters.channel_telegram import TelegramChannelAdapter
  File "/Users/kaique/calosum/src/calosum/adapters/channel_telegram.py", line 6, in <module>
    from telegram import Update
ModuleNotFoundError: No module named 'telegram'


======================================================================
FAIL: test_empty_response_text_is_filled_from_runtime_execution (tests.test_async_retry_and_persistence.AsyncRetryAndPersistenceTests.test_empty_response_text_is_filled_from_runtime_execution)
----------------------------------------------------------------------
Traceback (most recent call last):
  File "/opt/homebrew/Cellar/python@3.13/3.13.5/Frameworks/Python.framework/Versions/3.13/lib/python3.13/asyncio/runners.py", line 118, in run
    return self._loop.run_until_complete(task)
           ~~~~~~~~~~~~~~~~~~~~~~~~~~~~~^^^^^^
  File "/opt/homebrew/Cellar/python@3.13/3.13.5/Frameworks/Python.framework/Versions/3.13/lib/python3.13/asyncio/base_events.py", line 725, in run_until_complete
    return future.result()
           ~~~~~~~~~~~~~^^
  File "/Users/kaique/calosum/tests/test_async_retry_and_persistence.py", line 183, in test_empty_response_text_is_filled_from_runtime_execution
    self.assertIn(
    ~~~~~~~~~~~~~^
        "response_text_fallback=runtime_output",
        ^^^^^^^^^^^^^^^^^^^^^^^^^^^^^^^^^^^^^^^^
        result.left_result.reasoning_summary,
        ^^^^^^^^^^^^^^^^^^^^^^^^^^^^^^^^^^^^^
    )
    ^
AssertionError: 'response_text_fallback=runtime_output' not found in []

----------------------------------------------------------------------
Ran 75 tests in 0.682s

FAILED (failures=1, errors=23)
